[8siannft.com/index.html]
[8siannft.com/images/favicon.png]
[backblue.gif]
[fade.gif]
[index.html]
[8siannft.com/images/logo.jpg]
[cdnjs.cloudflare.com/ajax/libs/font-awesome/5.15.1/css/all.min.css]
[cdnjs.cloudflare.com/ajax/libs/mdb-ui-kit/3.6.0/mdb.min.css]
[cdnjs.cloudflare.com/ajax/libs/Swiper/3.4.1/css/swiper.min.css]
[cdnjs.cloudflare.com/ajax/libs/izitoast/1.4.0/css/iziToast.min.css]
[8siannft.com/css/style.css]
[8siannft.com/images/opensea.png]
[8siannft.com/images/wave.png]
[8siannft.com/images/logo-black.png]
[8siannft.com/images/n1.png]
[8siannft.com/images/n2.png]
[8siannft.com/images/n3.png]
[8siannft.com/images/n4.png]
[8siannft.com/images/n5.png]
[8siannft.com/images/n6.png]
[8siannft.com/images/n7.png]
[8siannft.com/images/n8.png]
[8siannft.com/images/n9.png]
[8siannft.com/images/n10.png]
[8siannft.com/images/n11.png]
[8siannft.com/images/n12.png]
[8siannft.com/images/n13.png]
[8siannft.com/images/n14.png]
[8siannft.com/images/n15.png]
[8siannft.com/images/n16.png]
[8siannft.com/images/n17.png]
[8siannft.com/images/n18.png]
[8siannft.com/images/n19.png]
[8siannft.com/images/n2-1.png]
[8siannft.com/buy/index.html]
[8siannft.com/images/n1-1.png]
[8siannft.com/images/bespoke.png]
[8siannft.com/images/roadmap.png]
[8siannft.com/images/roadmap2.jpg]
[8siannft.com/images/halloween-ladies.png]
[8siannft.com/images/bespoke-ladies.png]
[8siannft.com/images/pass.png]
[8siannft.com/images/8SIAN-ladies.png]
[8siannft.com/christmas/index.html]
[8siannft.com/images/8musuem.png]
[8siannft.com/images/team/1.png]
[8siannft.com/images/team/2.png]
[8siannft.com/images/team/3.png]
[8siannft.com/images/team/4.png]
[8siannft.com/images/team/5.png]
[8siannft.com/images/team/6.png]
[8siannft.com/images/team/8.png]
[8siannft.com/images/team/7.png]
[8siannft.com/images/team/13.png]
[8siannft.com/images/team/9.png]
[8siannft.com/images/team/10.png]
[8siannft.com/images/team/11.png]
[8siannft.com/images/8SIAN.gif]
[cdnjs.cloudflare.com/ajax/libs/Swiper/3.4.1/js/swiper.min.js]
[cdnjs.cloudflare.com/ajax/libs/mdb-ui-kit/3.6.0/mdb.min.js]
[cdnjs.cloudflare.com/ajax/libs/jquery/3.6.0/jquery.min.js]
[cdnjs.cloudflare.com/ajax/libs/izitoast/1.4.0/js/iziToast.min.js]
[8siannft.com/js/web3modal.js]
[cdnjs.cloudflare.com/ajax/libs/web3/3.0.0-rc.5/web3.min.js]
[8siannft.com/index.html]
[cdnjs.cloudflare.com/ajax/libs/font-awesome/5.15.1/css/all.min.css]
[cdnjs.cloudflare.com/ajax/libs/axios/0.24.0/axios.min.js]
[cdnjs.cloudflare.com/ajax/libs/mdb-ui-kit/3.6.0/mdb.min.css]
[cdnjs.cloudflare.com/ajax/libs/Swiper/3.4.1/css/swiper.min.css]
[cdnjs.cloudflare.com/ajax/libs/izitoast/1.4.0/css/iziToast.min.css]
[8siannft.com/css/style.css]
[8siannft.com/buy/images/favicon.3e.delayed]
[use.fontawesome.com/releases/v5.11.2/css/all.css]
[8siannft.com/css/mdb.min.css]
[8siannft.com/css/mainf9e3.css]
[8siannft.com/js/vendor/modernizr-2.6.2.min.js]
[8siannft.com/images/8SIAN WHITE LOGO.png]
[8siannft.com/images/pass.gif]
[8siannft.com/images/pass-mobile.gif]
[8siannft.com/images/8SIAN ladies.png]
[ajax.googleapis.com/ajax/libs/jquery/1.9.1/jquery.min.js]
[8siannft.com/buy/js/vendor/jquery-1.9.1.min.48.delayed]
[8siannft.com/js/main.js]
[8siannft.com/buy/index.html]
[8siannft.com/buy/script129e.js]
[8siannft.com/christmas/images/favicon.png]
[8siannft.com/christmas/mainf9e3.css]
[8siannft.com/christmas/screen_2x.webp]
[8siannft.com/christmas/mint.gif]
[8siannft.com/christmas/js/vendor/jquery-1.9.1.min.4f.delayed]
[8siannft.com/christmas/index.html]
[8siannft.com/christmas/script129e.js]
[8siannft.com/js/web3modal.js]
[8siannft.com/buy/images/favicon.html]
[use.fontawesome.com/releases/v5.11.2/css/all.css]
[8siannft.com/css/mdb.min.css]
[8siannft.com/images/coin.gif]
[8siannft.com/fonts/Barlow-Regular.ttf]
[8siannft.com/fonts/HennyPenny-Regular.ttf]
[8siannft.com/fonts/Montserrat-Regular.ttf]
[8siannft.com/fonts/nine0.ttf]
[8siannft.com/fonts/PlayfairDisplay-Bold.ttf]
[8siannft.com/fonts/PlayfairDisplay-Regular.ttf]
[8siannft.com/css/mainf9e3.css]
[8siannft.com/js/vendor/modernizr-2.6.2.min.js]
[8siannft.com/buy/js/vendor/jquery-1.9.1.min.html]
[8siannft.com/js/main.js]
[8siannft.com/buy/script129e.js]
[8siannft.com/christmas/images/favicon.html]
[8siannft.com/christmas/screen_3x.webp]
[8siannft.com/christmas/fonts/Breathing.otf]
[8siannft.com/christmas/fonts/FilamentFiveSeven.otf]
[8siannft.com/christmas/fonts/Kollektif.ttf]
[8siannft.com/christmas/fonts/lazy_dog.ttf]
[8siannft.com/christmas/fonts/RopestBlack_PERSONAL_USE_ONLY.ttf]
[8siannft.com/christmas/fonts/Vintage]
[8siannft.com/christmas/fonts/MadelynFill.otf]
[8siannft.com/christmas/mainf9e3.css]
[8siannft.com/christmas/js/vendor/jquery-1.9.1.min.html]
[8siannft.com/christmas/script129e.js]
[8siannft.com/christmas/fonts/Vintage.html]
[mdbootstrap.com/img/svg/flags.png]
